gdb .\problem06.exe
GNU gdb (GDB) 7.6.1
Copyright (C) 2013 Free Software Foundation, Inc.
License GPLv3+: GNU GPL version 3 or later <http://gnu.org/licenses/gpl.html>
This is free software: you are free to change and redistribute it.
There is NO WARRANTY, to the extent permitted by law.  Type "show copying"
and "show warranty" for details.
This GDB was configured as "mingw32".
For bug reporting instructions, please see:
<http://www.gnu.org/software/gdb/bugs/>...
Reading symbols from C:\Users\Admin\C-activity-sets\c-activity-sets\set02\problem06.exe...done.
(gdb) b main
Breakpoint 1 at 0x40152b: file problem06.c, line 29.
(gdb) r
Starting program: C:\Users\Admin\C-activity-sets\c-activity-sets\set02/.\problem06.exe
[New Thread 4212.0x2858]
[New Thread 4212.0x498]

Breakpoint 1, main () at problem06.c:29
29          input_string(str);
(gdb) r
The program being debugged has been started already.
Start it from the beginning? (y or n) y
error return ../../gdb-7.6.1/gdb/windows-nat.c:1275 was 5
Starting program: C:\Users\Admin\C-activity-sets\c-activity-sets\set02/.\problem06.exe 
[New Thread 7292.0x391c]
[New Thread 7292.0xfb8]

Breakpoint 1, main () at problem06.c:29
29          input_string(str);
(gdb) n
Enetr the string
n
30          str_reverse(str,rev_str);
(gdb) q
A debugging session is active.

        Inferior 1 [process 7292] will be killed.

Quit anyway? (y or n) y
error return ../../gdb-7.6.1/gdb/windows-nat.c:1275 was 5
PS C:\Users\Admin\C-activity-sets\c-activity-sets\set02> git push
Everything up-to-date
PS C:\Users\Admin\C-activity-sets\c-activity-sets\set02> 