 gdb .\problem01.exe
GNU gdb (GDB) 7.6.1
Copyright (C) 2013 Free Software Foundation, Inc.
License GPLv3+: GNU GPL version 3 or later <http://gnu.org/licenses/gpl.html>
This is free software: you are free to change and redistribute it.
There is NO WARRANTY, to the extent permitted by law.  Type "show copying"
and "show warranty" for details.
This GDB was configured as "mingw32".
For bug reporting instructions, please see:
<http://www.gnu.org/software/gdb/bugs/>...
Reading symbols from C:\Users\Admin\C-activity-sets\c-activity-sets\set02\problem01.exe...done.
(gdb) b main
Breakpoint 1 at 0x4014ea: file .\problem01.c, line 25.
(gdb) n
The program is not being run.
(gdb) r
Starting program: C:\Users\Admin\C-activity-sets\c-activity-sets\set02/.\problem01.exe
[New Thread 6636.0x32a4]
[New Thread 6636.0x2b74]

Breakpoint 1, main () at .\problem01.c:25
25          input(&base,&height);
(gdb) r
The program being debugged has been started already.
Start it from the beginning? (y or n) y
error return ../../gdb-7.6.1/gdb/windows-nat.c:1275 was 5
Starting program: C:\Users\Admin\C-activity-sets\c-activity-sets\set02/.\problem01.exe 
[New Thread 8232.0x18b0]
[New Thread 8232.0x394c]

Breakpoint 1, main () at .\problem01.c:25
25          input(&base,&height);
(gdb) n
Enter the base of the triangle:
56
Enter the height of triangle:
76
26          find_area(base,height,&result);
(gdb) n
27          output(base, height, result);
(gdb) step
output (base=56, height=76, area=2128) at .\problem01.c:21
21          printf("The area of triangle is %f", area);
(gdb) q
A debugging session is active.

        Inferior 1 [process 8232] will be killed.

Quit anyway? (y or n) y
error return ../../gdb-7.6.1/gdb/windows-nat.c:1275 was 5
PS C:\Users\Admin\C-activity-sets\c-activity-sets\set02> git push
fatal: unable to access 'https://github.com/khushi-222003/c-activity-sets.git/': Could not resolve host: github.com
PS C:\Users\Admin\C-activity-sets\c-activity-sets\set02> 