gdb .\problem02.exe
GNU gdb (GDB) 7.6.1
Copyright (C) 2013 Free Software Foundation, Inc.
License GPLv3+: GNU GPL version 3 or later <http://gnu.org/licenses/gpl.html>
This is free software: you are free to change and redistribute it.
There is NO WARRANTY, to the extent permitted by law.  Type "show copying"
and "show warranty" for details.
This GDB was configured as "mingw32".
For bug reporting instructions, please see:
<http://www.gnu.org/software/gdb/bugs/>...
Reading symbols from C:\Users\Admin\C-activity-sets\c-activity-sets\set03\problem02.exe...done.
(gdb) b main
Breakpoint 1 at 0x401505: file problem02.c, line 30.
(gdb) r
Starting program: C:\Users\Admin\C-activity-sets\c-activity-sets\set03/.\problem02.exe
[New Thread 732.0x33b8]
[New Thread 732.0x237c]

Breakpoint 1, main () at problem02.c:30
30          a = input();
(gdb) n
Enter the sides
4
31          b = input();
(gdb) 5
Undefined command: "5".  Try "help".
(gdb) 6
Undefined command: "6".  Try "help".
(gdb) q
A debugging session is active.

        Inferior 1 [process 732] will be killed.

Quit anyway? (y or n) y
error return ../../gdb-7.6.1/gdb/windows-nat.c:1275 was 5
PS C:\Users\Admin\C-activity-sets\c-activity-sets\set03> git push
fatal: unable to access 'https://github.com/khushi-222003/c-activity-sets.git/': Could not resolve host: github.com
PS C:\Users\Admin\C-activity-sets\c-activity-sets\set03>