PS C:\Users\Admin\C-activity-sets\c-activity-sets\set01> gdb ./problem02
GNU gdb (GDB) 7.6.1
Copyright (C) 2013 Free Software Foundation, Inc.
License GPLv3+: GNU GPL version 3 or later <http://gnu.org/licenses/gpl.html>
This is free software: you are free to change and redistribute it.
There is NO WARRANTY, to the extent permitted by law.  Type "show copying"
and "show warranty" for details.
This GDB was configured as "mingw32".
For bug reporting instructions, please see:
<http://www.gnu.org/software/gdb/bugs/>...
Reading symbols from C:\Users\Admin\C-activity-sets\c-activity-sets\set01\problem02.exe...done.
(gdb) b main
Breakpoint 1 at 0x40146e: file .\problem02.c, line 7.
(gdb) p
The history is empty.
(gdb) n
The program is not being run.
(gdb) r
Starting program: C:\Users\Admin\C-activity-sets\c-activity-sets\set01/./problem02.exe
[New Thread 17384.0xd28]
[New Thread 17384.0x1878]

Breakpoint 1, main () at .\problem02.c:7
warning: Source file is more recent than executable.
7           printf("Enter the first number\n");
(gdb) n
Enter the first numnber
8           scanf("%d",&a);
(gdb) s
4
9           printf("Enter the second number\n");
(gdb) s
Enter the second number
10          scanf("%d",&b);
(gdb) 3
Undefined command: "3".  Try "help".
(gdb) s
4
11          sum=a+b;
(gdb) r
The program being debugged has been started already.
Start it from the beginning? (y or n) n
Program not restarted.
(gdb) q
A debugging session is active.

        Inferior 1 [process 17384] will be killed.

Quit anyway? (y or n) y
error return ../../gdb-7.6.1/gdb/windows-nat.c:1275 was 5