gdb problem09.exe
GNU gdb (GDB) 7.6.1
Copyright (C) 2013 Free Software Foundation, Inc.
License GPLv3+: GNU GPL version 3 or later <http://gnu.org/licenses/gpl.html>
This is free software: you are free to change and redistribute it.
There is NO WARRANTY, to the extent permitted by law.  Type "show copying"
and "show warranty" for details.
This GDB was configured as "mingw32".
For bug reporting instructions, please see:
For bug reporting instructions, please see:
<http://www.gnu.org/software/gdb/bugs/>...
Reading symbols from C:\Users\Admin\C-activity-sets\c-activity-sets\set01\problem09.exe...done.
(gdb) b main
Breakpoint 1 at 0x401530: file .\problem09.c, line 33.
(gdb) r
Starting program: C:\Users\Admin\C-activity-sets\c-activity-sets\set01/problem09.exe
[New Thread 13648.0xcb8]
[New Thread 13648.0xc94]

Breakpoint 1, main () at .\problem09.c:33
33              num=input();
(gdb) r
The program being debugged has been started already.
Start it from the beginning? (y or n) n
Program not restarted.
(gdb) n
Enter the number
4
34              double result=mysqrt(num);
(gdb) n
35              output(num,result);
(gdb) s
output (x=4, root=2.0000000000000022) at .\problem09.c:28
28              printf("The square of %lf",root);
(gdb) s
The square of 2.00000030             
(gdb) n
main () at .\problem09.c:36
36
(gdb) q
A debugging session is active.

        Inferior 1 [process 13648] will be killed.

Quit anyway? (y or n) y
error return ../../gdb-7.6.1/gdb/windows-nat.c:1275 was 5
PS C:\Users\Admin\C-activity-sets\c-activity-sets\set01>